Vivado Simulator v2024.1
Copyright 1986-2022 Xilinx, Inc. All Rights Reserved.
Copyright 2022-2024 Advanced Micro Devices, Inc. All Rights Reserved.
Running: C:/Xilinx/Vivado/2024.1/bin/unwrapped/win64.o/xelab.exe --incr --debug typical --relax --mt 2 -L xil_defaultlib -L blk_mem_gen_v8_4_8 -L unisims_ver -L unimacro_ver -L secureip -L xpm --snapshot testSMALL_behav xil_defaultlib.testSMALL xil_defaultlib.glbl -log elaborate.log 
Using 2 slave threads.
Starting static elaboration
Pass Through NonSizing Optimizer
Completed static elaboration
Starting simulation data flow analysis
Completed simulation data flow analysis
Time Resolution for simulation is 1ps
Compiling module xil_defaultlib.clkDiv
Compiling module xil_defaultlib.controlSignal
Compiling module blk_mem_gen_v8_4_8.blk_mem_gen_v8_4_8_output_stage(...
Compiling module blk_mem_gen_v8_4_8.blk_mem_gen_v8_4_8_output_stage(...
Compiling module blk_mem_gen_v8_4_8.blk_mem_gen_v8_4_8_softecc_outpu...
Compiling module blk_mem_gen_v8_4_8.blk_mem_gen_v8_4_8_mem_module(C_...
Compiling module blk_mem_gen_v8_4_8.blk_mem_gen_v8_4_8(C_FAMILY="art...
Compiling module xil_defaultlib.mem_rom
Compiling module xil_defaultlib.IR
Compiling module xil_defaultlib.register
Compiling module xil_defaultlib.regBank
Compiling module xil_defaultlib.mux
Compiling module xil_defaultlib.fullAdder
Compiling module xil_defaultlib.fullAdder8
Compiling module xil_defaultlib.fullAdder32
Compiling module xil_defaultlib.adder
Compiling module xil_defaultlib.fullSubtract
Compiling module xil_defaultlib.fullSubtract8
Compiling module xil_defaultlib.fullSubtract32
Compiling module xil_defaultlib.subtract
Compiling module xil_defaultlib.SLT
Compiling module xil_defaultlib.SGT
Compiling module xil_defaultlib.bitwiseAND
Compiling module xil_defaultlib.bitwiseOR
Compiling module xil_defaultlib.bitwiseXOR
Compiling module xil_defaultlib.bitwiseNOT
Compiling module xil_defaultlib.bitwiseNOR
Compiling module xil_defaultlib.LUI
Compiling module xil_defaultlib.mux4to1
Compiling module xil_defaultlib.mux16to1
Compiling module xil_defaultlib.mux2to1
Compiling module xil_defaultlib.mux32to1_bitwise
Compiling module xil_defaultlib.leftShift32
Compiling module xil_defaultlib.leftShift
Compiling module xil_defaultlib.rightShift_L32
Compiling module xil_defaultlib.rightShift_L
Compiling module xil_defaultlib.rightShift_A32
Compiling module xil_defaultlib.rightShift_A
Compiling module xil_defaultlib.incA
Compiling module xil_defaultlib.decA
Compiling module xil_defaultlib.fullAdder2
Compiling module xil_defaultlib.fullAdder3
Compiling module xil_defaultlib.hamA_8
Compiling module xil_defaultlib.hamA
Compiling module xil_defaultlib.mux8to1
Compiling module xil_defaultlib.mux16to1_bitwise
Compiling module xil_defaultlib.kALU
Compiling module blk_mem_gen_v8_4_8.blk_mem_gen_v8_4_8_mem_module(C_...
Compiling module blk_mem_gen_v8_4_8.blk_mem_gen_v8_4_8(C_FAMILY="art...
Compiling module xil_defaultlib.mem_ram
Compiling module xil_defaultlib.SignE
Compiling module xil_defaultlib.cond_check
Compiling module xil_defaultlib.topModule
Compiling module xil_defaultlib.testSMALL
Compiling module xil_defaultlib.glbl
Built simulation snapshot testSMALL_behav
